// Vitest Snapshot v1, https://vitest.dev/guide/snapshot.html

exports[`Body Description > should render 1`] = `
"<div class="body__container">
                <a class="body__fork-project" href="https://github.com/hamzahamidi/webpack-typescript-starter" target="_blank" rel="noopener noreferrer"">
                    Fork project Here
                    <img class="body__link" src="/src/components/Body/github.png" alt="github"></img>
                </a>
            </div>"
`;
