// Jest Snapshot v1, https://goo.gl/fbAQLP

exports[`Body Description should render 1`] = `
"<div class="body__container">
                <a class="body__fork-project" href="https://github.com/hamzahamidi/webpack-typescript-starter" target="_blank" rel="noopener noreferrer"">
                    Fork project Here
                    <img class="body__link" src="[object Object]" alt="github"></img>
                </a>
            </div>"
`;
