// Jest Snapshot v1, https://jestjs.io/docs/snapshot-testing

exports[`Body Description should render 1`] = `
"<div class="title__container">
                <h1 class="title__text">Webpack typescript starter</h1>
                <img class="title__logo" src="[object Object]" alt="logo"></img>
            </div>"
`;
