// Vitest Snapshot v1, https://vitest.dev/guide/snapshot.html

exports[`Body Description > should render 1`] = `
"<div class="title__container">
                <h1 class="title__text">Webpack typescript starter</h1>
                <img class="title__logo" src="/src/components/Title/logo.png" alt="logo"></img>
            </div>"
`;
